// Jest Snapshot v1, https://goo.gl/fbAQLP

exports[`renders the expected snapshot 1`] = `
<styled.main
  className="App"
>
  <div>
    <h1>
      My App
    </h1>
    <span>
      hehe
    </span>
    <Switch>
      <Route
        exact={true}
        path="/settings"
        render={[Function]}
      />
      <Route
        exact={true}
        path="/scooters/:id?"
        render={[Function]}
      />
    </Switch>
  </div>
</styled.main>
`;
